main.c:62:6:do_blink1	8	static
main.c:65:6:do_blink2	8	static
main.c:68:6:do_blink3	8	static
main.c:71:6:do_blink4	8	static
main.c:74:6:do_blink5	8	static
main.c:102:6:SCH_Delete_Task	24	static
main.c:118:6:SCH_Delete_Task1	16	static
main.c:126:6:SCH_Init	16	static
main.c:132:7:SCH_Update	16	static
main.c:142:6:SCH_Add_Task	48	static
main.c:183:7:SCH_Dispatch_Tasks	32	static
main.c:216:5:main	8	static
main.c:269:6:SystemClock_Config	72	static
main.c:305:13:MX_TIM2_Init	32	static
main.c:350:13:MX_GPIO_Init	32	static
main.c:373:6:HAL_TIM_PeriodElapsedCallback	16	static
main.c:382:6:Error_Handler	4	static,ignoring_inline_asm
