main.c:67:6:setTimer0	16	static
main.c:71:6:timer_run	4	static
main.c:82:6:selectCOL	16	static
main.c:111:6:clearCOL	16	static
main.c:140:6:displayDOT	48	static
main.c:224:6:clearAllPins	8	static
main.c:243:6:clearDOT	48	static
main.c:323:6:updateLEDMatrix	16	static
main.c:353:6:updateMatrixBuffer	16	static
main.c:367:6:display7SEG	16	static
main.c:466:7:setTimer1	16	static
main.c:470:7:update7SEG	16	static
main.c:514:5:main	16	static
main.c:585:6:SystemClock_Config	72	static
main.c:621:13:MX_TIM2_Init	32	static
main.c:666:13:MX_GPIO_Init	32	static
main.c:715:6:HAL_TIM_PeriodElapsedCallback	16	static
main.c:726:6:Error_Handler	4	static,ignoring_inline_asm
